make all -f /home/novais/Transferências/Codigo/C/Sistemas Operativos/project/projetoSO/Makefile --print-data-base --no-builtin-variables --no-builtin-rules --question
# GNU Make 4.3
# Built for x86_64-pc-linux-gnu
# Copyright (C) 1988-2020 Free Software Foundation, Inc.
# License GPLv3+: GNU GPL version 3 or later <http://gnu.org/licenses/gpl.html>
# This is free software: you are free to change and redistribute it.
# There is NO WARRANTY, to the extent permitted by law.

# Make data base, printed on Sat May 17 18:02:33 2025

# Variables

# environment
GDK_BACKEND = x11
# environment
LC_ALL = C
# environment
VSCODE_CRASH_REPORTER_PROCESS_TYPE = extensionHost
# environment
VSCODE_CWD = /home/novais
# environment
GDM_LANG = pt_PT
# default
MAKE_COMMAND := make
# environment
APPLICATIONINSIGHTS_CONFIGURATION_CONTENT = {}
# environment
GTK3_MODULES = xapp-gtk3-module
# environment
QT_ACCESSIBILITY = 1
# automatic
@D = $(patsubst %/,%,$(dir $@))
# environment
VSCODE_HANDLES_UNCAUGHT_ERRORS = true
# default
.VARIABLES := 
# environment
PWD = /home/novais/Transferências/Codigo/C/Sistemas Operativos/project/projetoSO
# automatic
%D = $(patsubst %/,%,$(dir $%))
# environment
XDG_DATA_DIRS = /usr/share/xmonad:/home/novais/.local/share/flatpak/exports/share:/var/lib/flatpak/exports/share:/usr/local/share:/usr/share
# automatic
^D = $(patsubst %/,%,$(dir $^))
# automatic
%F = $(notdir $%)
# environment
VSCODE_CODE_CACHE_PATH = /home/novais/.config/Code/CachedData/848b80aeb52026648a8ff9f7c45a9b0a80641e2e
# environment
XDG_SESSION_PATH = /org/freedesktop/DisplayManager/Session0
# environment
LANG = C
# environment
XAUTHORITY = /home/novais/.Xauthority
# default
.LOADED := 
# default
.INCLUDE_DIRS = /usr/local/include /usr/include /usr/include
# makefile
MAKEFLAGS = pqrR
# makefile
CURDIR := /home/novais/Transferências/Codigo/C/Sistemas Operativos/project/projetoSO
# environment
APPLICATION_INSIGHTS_NO_DIAGNOSTIC_CHANNEL = 1
# environment
VSCODE_L10N_BUNDLE_LOCATION = 
# automatic
*D = $(patsubst %/,%,$(dir $*))
# environment
MFLAGS = -pqrR
# default
.SHELLFLAGS := -c
# environment
XDG_CONFIG_DIRS = /etc/xdg/xdg-xmonad:/etc/xdg
# automatic
+D = $(patsubst %/,%,$(dir $+))
# environment
XDG_SESSION_DESKTOP = xmonad
# makefile (from '/home/novais/Transferências/Codigo/C/Sistemas Operativos/project/projetoSO/Makefile', line 1)
MAKEFILE_LIST := /home/novais/Transferências/Codigo/C/Sistemas Operativos/project/projetoSO/Makefile
# automatic
@F = $(notdir $@)
# environment
VSCODE_PID = 3113
# environment
XDG_SESSION_TYPE = x11
# automatic
?D = $(patsubst %/,%,$(dir $?))
# automatic
*F = $(notdir $*)
# environment
QT_QPA_PLATFORMTHEME = qt5ct
# environment
CHROME_DESKTOP = code.desktop
# environment
DBUS_SESSION_BUS_ADDRESS = unix:path=/run/user/1000/bus
# automatic
<D = $(patsubst %/,%,$(dir $<))
# environment
VSCODE_NLS_CONFIG = {"userLocale":"en","osLocale":"pt","resolvedLanguage":"en","defaultMessagesFile":"/usr/share/code/resources/app/out/nls.messages.json","locale":"en","availableLanguages":{}}
# default
MAKE_HOST := x86_64-pc-linux-gnu
# makefile
SHELL = /bin/sh
# default
MAKECMDGOALS := all
# environment
SHLVL = 1
# environment
MAKELEVEL := 0
# default
MAKE = $(MAKE_COMMAND)
# environment
PATH = /home/novais/.local/share/solana/install/active_release/bin:/home/novais/.cargo/bin:/home/novais/.local/bin:/usr/local/sbin:/usr/local/bin:/usr/sbin:/usr/bin:/sbin:/bin:/usr/games:/usr/local/games:/snap/bin:/home/novais/.local/bin
# default
MAKEFILES := 
# environment
LANGUAGE = pt:pt_BR:en
# automatic
^F = $(notdir $^)
# automatic
?F = $(notdir $?)
# environment
XDG_SEAT = seat0
# automatic
+F = $(notdir $+)
# environment
XDG_SEAT_PATH = /org/freedesktop/DisplayManager/Seat0
# environment
DESKTOP_SESSION = xmonad
# environment
ORIGINAL_XDG_CURRENT_DESKTOP = undefined
# 'override' directive
GNUMAKEFLAGS := 
# environment
LOGNAME = novais
# environment
XDG_VTNR = 7
# makefile
.DEFAULT_GOAL := all
# environment
DISPLAY = :0
# environment
USER = novais
# environment
GTK_MODULES = gail:atk-bridge
# default
MAKE_VERSION := 4.3
# environment
_ = /usr/bin/code
# environment
XDG_RUNTIME_DIR = /run/user/1000
# makefile (from '/home/novais/Transferências/Codigo/C/Sistemas Operativos/project/projetoSO/Makefile', line 2)
CFLAGS = -Wall -g
# environment
GPG_AGENT_INFO = /run/user/1000/gnupg/S.gpg-agent:0:1
# environment
XDG_SESSION_CLASS = user
# environment
HOME = /home/novais
# environment
ELECTRON_RUN_AS_NODE = 1
# environment
VSCODE_IPC_HOOK = /run/user/1000/vscode-81b3b71e-1.10-main.sock
# environment
XDG_SESSION_ID = c2
# default
.RECIPEPREFIX := 
# automatic
<F = $(notdir $<)
# default
SUFFIXES := 
# environment
VSCODE_CLI = 1
# environment
ELECTRON_NO_ATTACH_CONSOLE = 1
# environment
XDG_GREETER_DATA_DIR = /var/lib/lightdm-data/novais
# default
.FEATURES := target-specific order-only second-expansion else-if shortest-stem undefine oneshell nocomment grouped-target extra-prereqs archives jobserver output-sync check-symlink load
# makefile (from '/home/novais/Transferências/Codigo/C/Sistemas Operativos/project/projetoSO/Makefile', line 1)
CC = gcc
# environment
VSCODE_ESM_ENTRYPOINT = vs/workbench/api/node/extensionHostProcess
# environment
GDMSESSION = xmonad
# variable set hash-table stats:
# Load=87/1024=8%, Rehash=0, Collisions=4/122=3%

# Pattern-specific Variable Values

# No pattern-specific variable values.

# Directories


# No files, no impossibilities in 0 directories.

# Implicit Rules

# No implicit rules.

# Files

functions.o: functions.c
#  Implicit rule search has not been done.
#  Modification time never checked.
#  File has not been updated.
#  recipe to execute (from '/home/novais/Transferências/Codigo/C/Sistemas Operativos/project/projetoSO/Makefile', line 19):
	$(CC) $(CFLAGS) -c functions.c

client: client.o functions.o
#  Implicit rule search has not been done.
#  Modification time never checked.
#  File has not been updated.
#  recipe to execute (from '/home/novais/Transferências/Codigo/C/Sistemas Operativos/project/projetoSO/Makefile', line 10):
	$(CC) $(CFLAGS) -o dclient dclient.o functions.o

client.o: dclient.c functions.o
#  Implicit rule search has not been done.
#  Modification time never checked.
#  File has not been updated.
#  recipe to execute (from '/home/novais/Transferências/Codigo/C/Sistemas Operativos/project/projetoSO/Makefile', line 16):
	$(CC) $(CFLAGS) -c dclient.c -o dclient.o

server.o: dserver.c
#  Implicit rule search has not been done.
#  Implicit/static pattern stem: ''
#  File does not exist.
#  File has been updated.
#  Needs to be updated (-q is set).
# automatic
# @ := server.o
# automatic
# * := 
# automatic
# < := dserver.c
# automatic
# + := dserver.c
# automatic
# % := 
# automatic
# ^ := dserver.c
# automatic
# ? := dserver.c
# automatic
# | := 
# variable set hash-table stats:
# Load=8/32=25%, Rehash=0, Collisions=2/13=15%
#  recipe to execute (from '/home/novais/Transferências/Codigo/C/Sistemas Operativos/project/projetoSO/Makefile', line 13):
	$(CC) $(CFLAGS) -c dserver.c -o dserver.o

# Not a target:
/home/novais/Transferências/Codigo/C/Sistemas Operativos/project/projetoSO/Makefile:
#  Implicit rule search has been done.
#  Last modified 2025-05-17 18:00:12.283593398
#  File has been updated.
#  Successfully updated.

clean:
#  Implicit rule search has not been done.
#  Modification time never checked.
#  File has not been updated.
#  recipe to execute (from '/home/novais/Transferências/Codigo/C/Sistemas Operativos/project/projetoSO/Makefile', line 25):
	rm -f *.o dserver dclient 
	rm -f pipe_to_server
	rm -f fifo_client*
	rm -f fifo_server
	rm -f armazenamento

server: server.o functions.o
#  Implicit rule search has not been done.
#  File does not exist.
#  File has been updated.
#  Needs to be updated (-q is set).
# variable set hash-table stats:
# Load=0/32=0%, Rehash=0, Collisions=0/5=0%
#  recipe to execute (from '/home/novais/Transferências/Codigo/C/Sistemas Operativos/project/projetoSO/Makefile', line 7):
	$(CC) $(CFLAGS) -o dserver dserver.o functions.o

# Not a target:
.DEFAULT:
#  Implicit rule search has not been done.
#  Modification time never checked.
#  File has not been updated.

# Not a target:
dserver.c:
#  Implicit rule search has been done.
 
#  Last modified 2025-05-17 17:48:23.042282774
#  File has been updated.
#  Successfully updated.

all: server client
#  Command line target.
#  Implicit rule search has been done.
#  File does not exist.
#  File has been updated.
#  Needs to be updated (-q is set).
# variable set hash-table stats:
# Load=0/32=0%, Rehash=0, Collisions=0/5=0%

# Not a target:
dclient.c:
#  Implicit rule search has not been done.
#  Modification time never checked.
#  File has not been updated.

# Not a target:
functions.c:
#  Implicit rule search has not been done.
#  Modification time never checked.
#  File has not been updated.

# Not a target:
.SUFFIXES:
#  Implicit rule search has not been done.
#  Modification time never checked.
#  File has not been updated.

pipe_to_server:
#  Implicit rule search has not been done.
#  Modification time never checked.
#  File has not been updated.
#  recipe to execute (from '/home/novais/Transferências/Codigo/C/Sistemas Operativos/project/projetoSO/Makefile', line 22):
	mkfifo pipe_to_server

# files hash-table stats:
# Load=14/1024=1%, Rehash=0, Collisions=1/41=2%
# VPATH Search Paths

# No 'vpath' search paths.

# No general ('VPATH' variable) search path.

# strcache buffers: 1 (0) / strings = 16 / storage = 237 B / avg = 14 B
# current buf: size = 8162 B / used = 237 B / count = 16 / avg = 14 B

# strcache performance: lookups = 36 / hit rate = 55%
# hash-table stats:
# Load=16/8192=0%, Rehash=0, Collisions=0/36=0%
# Finished Make data base on Sat May 17 18:02:33 2025

 
